
[1m[46m RUN [49m[22m [36mv3.2.4 [39m[90mD:/PMTK_2025_SGU/SGU_KTPM_DO-AN/backend[39m

node.exe : [90mstderr[2m | 
tests/unit/strict_unit.test.js[2m > [22m[2mPURE 
UNIT TESTS (NO DB, NO API)[2m > [22m[2m4. ORDER 
MODULE[2m > [22m[2mPlace Order Logic[2m > 
[22m[2mshould reject if out of stock
At line:1 char:1
+ & "C:\Program Files\nodejs/node.exe" "C:\Program 
Files\nodejs/node_mo ...
+ ~~~~~~~~~~~~~~~~~~~~~~~~~~~~~~~~~~~~~~~~~~~~~~~~~~~~
~~~~~~~~~~~~~~~~~
    + CategoryInfo          : NotSpecified: ([90mstd 
   err[2m...if out of stock:String) [], RemoteExcep  
  tion
    + FullyQualifiedErrorId : NativeCommandError
 
[22m[39mLß╗ùi khi ─æß║╖t h├áng (COD): TypeError: 
__vite_ssr_import_2__.default.findOne(...).select is 
not a function
    at assertEnoughStock [90m(D:\PMTK_2025_SGU\SGU_KT
PM_DO-AN\backend\[39mcontrollers\orderController.js:2
5:53[90m)[39m
    at Module.placeOrderCod [90m(D:\PMTK_2025_SGU\SGU
_KTPM_DO-AN\backend\[39mcontrollers\orderController.j
s:46:11[90m)[39m
    at [90mD:\PMTK_2025_SGU\SGU_KTPM_DO-AN\backend\[
39mtests\unit\strict_unit.test.js:261:23
    at [90mfile:///D:/PMTK_2025_SGU/SGU_KTPM_DO-AN/ba
ckend/[39mnode_modules/[4m@vitest[24m/runner/dist/c
hunk-hooks.js:155:11
    at [90mfile:///D:/PMTK_2025_SGU/SGU_KTPM_DO-AN/ba
ckend/[39mnode_modules/[4m@vitest[24m/runner/dist/c
hunk-hooks.js:752:26
    at [90mfile:///D:/PMTK_2025_SGU/SGU_KTPM_DO-AN/ba
ckend/[39mnode_modules/[4m@vitest[24m/runner/dist/c
hunk-hooks.js:1897:20
    at new Promise (<anonymous>)
    at runWithTimeout [90m(file:///D:/PMTK_2025_SGU/S
GU_KTPM_DO-AN/backend/[39mnode_modules/[4m@vitest[2
4m/runner/dist/chunk-hooks.js:1863:10[90m)[39m
    at runTest [90m(file:///D:/PMTK_2025_SGU/SGU_KTPM
_DO-AN/backend/[39mnode_modules/[4m@vitest[24m/runn
er/dist/chunk-hooks.js:1574:12[90m)[39m
[90m    at processTicksAndRejections 
(node:internal/process/task_queues:105:5)[39m

[90mstderr[2m | tests/unit/strict_unit.test.js[2m 
> [22m[2mPURE UNIT TESTS (NO DB, NO API)[2m > 
[22m[2m4. ORDER MODULE[2m > [22m[2mPlace Order 
Logic[2m > [22m[2mshould place order successfully 
if stock is enough
[22m[39mLß╗ùi khi ─æß║╖t h├áng (COD): TypeError: 
__vite_ssr_import_2__.default.findOne(...).select is 
not a function
    at assertEnoughStock [90m(D:\PMTK_2025_SGU\SGU_KT
PM_DO-AN\backend\[39mcontrollers\orderController.js:2
5:53[90m)[39m
    at Module.placeOrderCod [90m(D:\PMTK_2025_SGU\SGU
_KTPM_DO-AN\backend\[39mcontrollers\orderController.j
s:46:11[90m)[39m
    at [90mD:\PMTK_2025_SGU\SGU_KTPM_DO-AN\backend\[
39mtests\unit\strict_unit.test.js:284:23
    at [90mfile:///D:/PMTK_2025_SGU/SGU_KTPM_DO-AN/ba
ckend/[39mnode_modules/[4m@vitest[24m/runner/dist/c
hunk-hooks.js:155:11
    at [90mfile:///D:/PMTK_2025_SGU/SGU_KTPM_DO-AN/ba
ckend/[39mnode_modules/[4m@vitest[24m/runner/dist/c
hunk-hooks.js:752:26
    at [90mfile:///D:/PMTK_2025_SGU/SGU_KTPM_DO-AN/ba
ckend/[39mnode_modules/[4m@vitest[24m/runner/dist/c
hunk-hooks.js:1897:20
    at new Promise (<anonymous>)
    at runWithTimeout [90m(file:///D:/PMTK_2025_SGU/S
GU_KTPM_DO-AN/backend/[39mnode_modules/[4m@vitest[2
4m/runner/dist/chunk-hooks.js:1863:10[90m)[39m
    at runTest [90m(file:///D:/PMTK_2025_SGU/SGU_KTPM
_DO-AN/backend/[39mnode_modules/[4m@vitest[24m/runn
er/dist/chunk-hooks.js:1574:12[90m)[39m
[90m    at processTicksAndRejections 
(node:internal/process/task_queues:105:5)[39m

[90mstderr[2m | tests/unit/strict_unit.test.js[2m 
> [22m[2mPURE UNIT TESTS (NO DB, NO API)[2m > 
[22m[2m5. VALIDATION & ERROR HANDLING[2m > 
[22m[2mshould handle service errors gracefully
[22m[39mLß╗ùi ─æ─âng nhß║¡p: Error: DB Connection 
Failed
    at [90mD:\PMTK_2025_SGU\SGU_KTPM_DO-AN\backend\[
39mtests\unit\strict_unit.test.js:338:49
    at [90mfile:///D:/PMTK_2025_SGU/SGU_KTPM_DO-AN/ba
ckend/[39mnode_modules/[4m@vitest[24m/runner/dist/c
hunk-hooks.js:155:11
    at [90mfile:///D:/PMTK_2025_SGU/SGU_KTPM_DO-AN/ba
ckend/[39mnode_modules/[4m@vitest[24m/runner/dist/c
hunk-hooks.js:752:26
    at [90mfile:///D:/PMTK_2025_SGU/SGU_KTPM_DO-AN/ba
ckend/[39mnode_modules/[4m@vitest[24m/runner/dist/c
hunk-hooks.js:1897:20
    at new Promise (<anonymous>)
    at runWithTimeout [90m(file:///D:/PMTK_2025_SGU/S
GU_KTPM_DO-AN/backend/[39mnode_modules/[4m@vitest[2
4m/runner/dist/chunk-hooks.js:1863:10[90m)[39m
    at runTest [90m(file:///D:/PMTK_2025_SGU/SGU_KTPM
_DO-AN/backend/[39mnode_modules/[4m@vitest[24m/runn
er/dist/chunk-hooks.js:1574:12[90m)[39m
[90m    at processTicksAndRejections 
(node:internal/process/task_queues:105:5)[39m
    at runSuite [90m(file:///D:/PMTK_2025_SGU/SGU_KTP
M_DO-AN/backend/[39mnode_modules/[4m@vitest[24m/run
ner/dist/chunk-hooks.js:1729:8[90m)[39m
    at runSuite [90m(file:///D:/PMTK_2025_SGU/SGU_KTP
M_DO-AN/backend/[39mnode_modules/[4m@vitest[24m/run
ner/dist/chunk-hooks.js:1729:8[90m)[39m

 [31mΓ¥»[39m tests/unit/strict_unit.test.js [2m([22m[2m19 tests[22m[2m | [22m[31m2 failed[39m[2m)[22m[33m 5743[2mms[22m[39m
   [33m[2mΓ£ô[22m[39m PURE UNIT TESTS (NO DB, NO API)[2m > [22m1. USER MODULE[2m > [22mRegister Logic[2m > [22mshould reject invalid email format [33m 446[2mms[22m[39m
   [32mΓ£ô[39m PURE UNIT TESTS (NO DB, NO API)[2m > [22m1. USER MODULE[2m > [22mRegister Logic[2m > [22mshould reject short password (< 8 chars)[32m 253[2mms[22m[39m
   [32mΓ£ô[39m PURE UNIT TESTS (NO DB, NO API)[2m > [22m1. USER MODULE[2m > [22mRegister Logic[2m > [22mshould reject duplicate email[32m 238[2mms[22m[39m
   [32mΓ£ô[39m PURE UNIT TESTS (NO DB, NO API)[2m > [22m1. USER MODULE[2m > [22mRegister Logic[2m > [22mshould hash password before saving[32m 240[2mms[22m[39m
   [32mΓ£ô[39m PURE UNIT TESTS (NO DB, NO API)[2m > [22m1. USER MODULE[2m > [22mAuth Logic[2m > [22mshould login successfully with correct credentials[32m 246[2mms[22m[39m
   [32mΓ£ô[39m PURE UNIT TESTS (NO DB, NO API)[2m > [22m1. USER MODULE[2m > [22mAuth Logic[2m > [22mshould fail login with wrong password[32m 243[2mms[22m[39m
   [32mΓ£ô[39m PURE UNIT TESTS (NO DB, NO API)[2m > [22m1. USER MODULE[2m > [22mAuth Logic[2m > [22mshould fail login if email does not exist[32m 254[2mms[22m[39m
   [32mΓ£ô[39m PURE UNIT TESTS (NO DB, NO API)[2m > [22m2. PRODUCT MODULE[2m > [22mshould add product with valid data[32m 236[2mms[22m[39m
   [32mΓ£ô[39m PURE UNIT TESTS (NO DB, NO API)[2m > [22m3. CART MODULE[2m > [22mshould add new item to cart[32m 241[2mms[22m[39m
   [32mΓ£ô[39m PURE UNIT TESTS (NO DB, NO API)[2m > [22m3. CART MODULE[2m > [22mshould increment existing item in cart[32m 238[2mms[22m[39m
   [32mΓ£ô[39m PURE UNIT TESTS (NO DB, NO API)[2m > [22m3. CART MODULE[2m > [22mshould remove item from cart (decrement)[32m 236[2mms[22m[39m
   [32mΓ£ô[39m PURE UNIT TESTS (NO DB, NO API)[2m > [22m3. CART MODULE[2m > [22mshould not decrement below 0[32m 241[2mms[22m[39m
   [32mΓ£ô[39m PURE UNIT TESTS (NO DB, NO API)[2m > [22m4. ORDER MODULE[2m > [22mPlace Order Logic[2m > [22mshould reject empty cart items[32m 245[2mms[22m[39m
[31m   [31m├ù[31m PURE UNIT TESTS (NO DB, NO API)[2m > [22m4. ORDER MODULE[2m > [22mPlace Order Logic[2m > [22mshould reject if out of stock[39m[32m 247[2mms[22m[39m
[31m     ΓåÆ expected "spy" to be called with arguments: [ 409 ][90m

Received: 

[1m  1st spy call:

[22m[2m  [[22m
[32m-   409,[90m
[31m+   500,[90m
[2m  ][22m
[31m[90m

Number of calls: [1m1[22m
[31m[39m
[31m   [31m├ù[31m PURE UNIT TESTS (NO DB, NO API)[2m > [22m4. ORDER MODULE[2m > [22mPlace Order Logic[2m > [22mshould place order successfully if stock is enough[39m[32m 251[2mms[22m[39m
[31m     ΓåÆ expected "spy" to be called at least once[39m
   [32mΓ£ô[39m PURE UNIT TESTS (NO DB, NO API)[2m > [22m4. ORDER MODULE[2m > [22mOrder Status Logic[2m > [22mshould not allow changing status if already Delivered[32m 244[2mms[22m[39m
   [32mΓ£ô[39m PURE UNIT TESTS (NO DB, NO API)[2m > [22m4. ORDER MODULE[2m > [22mOrder Status Logic[2m > [22mshould update payment status when Delivered[32m 250[2mms[22m[39m
   [32mΓ£ô[39m PURE UNIT TESTS (NO DB, NO API)[2m > [22m5. VALIDATION & ERROR HANDLING[2m > [22mshould handle service errors gracefully[32m 269[2mms[22m[39m
   [32mΓ£ô[39m PURE UNIT TESTS (NO DB, NO API)[2m > [22m5. VALIDATION & ERROR HANDLING[2m > [22mshould validate required fields in addFood[32m 235[2mms[22m[39m

[31mΓÄ»ΓÄ»ΓÄ»ΓÄ»ΓÄ»ΓÄ»ΓÄ»[39m[1m[41m Failed Tests 
2 [49m[22m[31mΓÄ»ΓÄ»ΓÄ»ΓÄ»ΓÄ»ΓÄ»ΓÄ»[39m

[41m[1m FAIL [22m[49m 
tests/unit/strict_unit.test.js[2m > [22mPURE UNIT 
TESTS (NO DB, NO API)[2m > [22m4. ORDER MODULE[2m 
> [22mPlace Order Logic[2m > [22mshould reject if 
out of stock
[31m[1mAssertionError[22m: expected "spy" to be 
called with arguments: [ 409 ][90m

Received: 

[1m  1st spy call:

[22m[2m  [[22m
[32m-   409,[90m
[31m+   500,[90m
[2m  ][22m
[31m[90m

Number of calls: [1m1[22m
[31m[39m
[36m [2mΓ¥»[22m 
tests/unit/strict_unit.test.js:[2m263:36[22m[39m
    [90m261| [39m                [35mawait[39m 
[34mplaceOrderCod[39m(req[33m,[39m res)[33m;[39m
    [90m262| [39m
    [90m263| [39m                
expect(res.status).toHaveBeenCalledWith(409); // 
ContrΓÇª
    [90m   | [39m                                   
[31m^[39m
    [90m264| [39m                expect(res.json).to
HaveBeenCalledWith(expect.objectConΓÇª
    [90m265| [39m                    
success[33m:[39m [35mfalse[39m

[31m[2mΓÄ»ΓÄ»ΓÄ»ΓÄ»ΓÄ»ΓÄ»ΓÄ»ΓÄ»ΓÄ»ΓÄ»ΓÄ»ΓÄ»ΓÄ»ΓÄ»ΓÄ»
ΓÄ»ΓÄ»ΓÄ»ΓÄ»ΓÄ»ΓÄ»ΓÄ»ΓÄ»ΓÄ»[1/2]ΓÄ»[22m[39m

[41m[1m FAIL [22m[49m 
tests/unit/strict_unit.test.js[2m > [22mPURE UNIT 
TESTS (NO DB, NO API)[2m > [22m4. ORDER MODULE[2m 
> [22mPlace Order Logic[2m > [22mshould place 
order successfully if stock is enough
[31m[1mAssertionError[22m: expected "spy" to be 
called at least once[39m
[36m [2mΓ¥»[22m 
tests/unit/strict_unit.test.js:[2m286:34[22m[39m
    [90m284| [39m                [35mawait[39m 
[34mplaceOrderCod[39m(req[33m,[39m res)[33m;[39m
    [90m285| [39m
    [90m286| [39m                [34mexpect[39m(sa
veMock)[33m.[39m[34mtoHaveBeenCalled[39m()[33m;[
39m
    [90m   | [39m                                 
[31m^[39m
    [90m287| [39m                expect(res.json).to
HaveBeenCalledWith(expect.objectConΓÇª
    [90m288| [39m                    
success[33m:[39m [35mtrue[39m[33m,[39m

[31m[2mΓÄ»ΓÄ»ΓÄ»ΓÄ»ΓÄ»ΓÄ»ΓÄ»ΓÄ»ΓÄ»ΓÄ»ΓÄ»ΓÄ»ΓÄ»ΓÄ»ΓÄ»
ΓÄ»ΓÄ»ΓÄ»ΓÄ»ΓÄ»ΓÄ»ΓÄ»ΓÄ»ΓÄ»[2/2]ΓÄ»[22m[39m


[2m Test Files [22m [1m[31m1 failed[39m[22m[90m (1)[39m
[2m      Tests [22m [1m[31m2 failed[39m[22m[2m | [22m[1m[32m17 passed[39m[22m[90m (19)[39m
[2m   Start at [22m 18:29:18
[2m   Duration [22m 6.53s[2m (transform 76ms, setup 180ms, collect 395ms, tests 5.74s, environment 0ms, prepare 58ms)[22m

